#! /c/Source/iverilog-install/bin/vvp
:ivl_version "12.0 (devel)" "(s20150603-1539-g2693dd32b)";
:ivl_delay_selection "TYPICAL";
:vpi_time_precision - 12;
:vpi_module "C:\iverilog\lib\ivl\system.vpi";
:vpi_module "C:\iverilog\lib\ivl\vhdl_sys.vpi";
:vpi_module "C:\iverilog\lib\ivl\vhdl_textio.vpi";
:vpi_module "C:\iverilog\lib\ivl\v2005_math.vpi";
:vpi_module "C:\iverilog\lib\ivl\va_math.vpi";
S_00000233a0909990 .scope module, "tb_mux_decoder" "tb_mux_decoder" 2 3;
 .timescale -9 -12;
v00000233a09172c0_0 .var "data", 3 0;
v00000233a0917360_0 .var "data8", 7 0;
v00000233a096e850_0 .net "dec_y", 3 0, v00000233a090a1d0_0;  1 drivers
v00000233a096e8f0_0 .var "enable", 0 0;
v00000233a096f480_0 .var/i "i", 31 0;
v00000233a096f520_0 .net "mux8_y", 0 0, v00000233a0917220_0;  1 drivers
v00000233a096f700_0 .net "mux_y", 0 0, v00000233a091bd50_0;  1 drivers
v00000233a096f7a0_0 .var "sel", 1 0;
v00000233a096f840_0 .var "sel8", 2 0;
S_00000233a091b990 .scope module, "dec" "decoder2to4" 2 17, 3 39 0, S_00000233a0909990;
 .timescale -9 -12;
    .port_info 0 /INPUT 2 "sel";
    .port_info 1 /INPUT 1 "enable";
    .port_info 2 /OUTPUT 4 "y";
v00000233a08e2fe0_0 .net "enable", 0 0, v00000233a096e8f0_0;  1 drivers
v00000233a08e3350_0 .net "sel", 1 0, v00000233a096f7a0_0;  1 drivers
v00000233a090a1d0_0 .var "y", 3 0;
E_00000233a0919df0 .event anyedge, v00000233a08e2fe0_0, v00000233a08e3350_0;
S_00000233a091bb20 .scope module, "mux" "mux4to1" 2 15, 3 3 0, S_00000233a0909990;
 .timescale -9 -12;
    .port_info 0 /INPUT 4 "data";
    .port_info 1 /INPUT 2 "sel";
    .port_info 2 /OUTPUT 1 "y";
v00000233a0909b20_0 .net "data", 3 0, v00000233a09172c0_0;  1 drivers
v00000233a091bcb0_0 .net "sel", 1 0, v00000233a096f7a0_0;  alias, 1 drivers
v00000233a091bd50_0 .var "y", 0 0;
E_00000233a091a5f0 .event anyedge, v00000233a08e3350_0, v00000233a0909b20_0;
S_00000233a0916ff0 .scope module, "mux8" "mux8to1" 2 16, 3 19 0, S_00000233a0909990;
 .timescale -9 -12;
    .port_info 0 /INPUT 8 "data";
    .port_info 1 /INPUT 3 "sel";
    .port_info 2 /OUTPUT 1 "y";
v00000233a0917180_0 .net "data", 7 0, v00000233a0917360_0;  1 drivers
v00000233a08e2c00_0 .net "sel", 2 0, v00000233a096f840_0;  1 drivers
v00000233a0917220_0 .var "y", 0 0;
E_00000233a0919ef0 .event anyedge, v00000233a08e2c00_0, v00000233a0917180_0;
    .scope S_00000233a091bb20;
T_0 ;
    %wait E_00000233a091a5f0;
    %load/vec4 v00000233a091bcb0_0;
    %dup/vec4;
    %pushi/vec4 0, 0, 2;
    %cmp/u;
    %jmp/1 T_0.0, 6;
    %dup/vec4;
    %pushi/vec4 1, 0, 2;
    %cmp/u;
    %jmp/1 T_0.1, 6;
    %dup/vec4;
    %pushi/vec4 2, 0, 2;
    %cmp/u;
    %jmp/1 T_0.2, 6;
    %dup/vec4;
    %pushi/vec4 3, 0, 2;
    %cmp/u;
    %jmp/1 T_0.3, 6;
    %pushi/vec4 0, 0, 1;
    %store/vec4 v00000233a091bd50_0, 0, 1;
    %jmp T_0.5;
T_0.0 ;
    %load/vec4 v00000233a0909b20_0;
    %parti/s 1, 0, 2;
    %store/vec4 v00000233a091bd50_0, 0, 1;
    %jmp T_0.5;
T_0.1 ;
    %load/vec4 v00000233a0909b20_0;
    %parti/s 1, 1, 2;
    %store/vec4 v00000233a091bd50_0, 0, 1;
    %jmp T_0.5;
T_0.2 ;
    %load/vec4 v00000233a0909b20_0;
    %parti/s 1, 2, 3;
    %store/vec4 v00000233a091bd50_0, 0, 1;
    %jmp T_0.5;
T_0.3 ;
    %load/vec4 v00000233a0909b20_0;
    %parti/s 1, 3, 3;
    %store/vec4 v00000233a091bd50_0, 0, 1;
    %jmp T_0.5;
T_0.5 ;
    %pop/vec4 1;
    %jmp T_0;
    .thread T_0, $push;
    .scope S_00000233a0916ff0;
T_1 ;
    %wait E_00000233a0919ef0;
    %load/vec4 v00000233a08e2c00_0;
    %dup/vec4;
    %pushi/vec4 0, 0, 3;
    %cmp/u;
    %jmp/1 T_1.0, 6;
    %dup/vec4;
    %pushi/vec4 1, 0, 3;
    %cmp/u;
    %jmp/1 T_1.1, 6;
    %dup/vec4;
    %pushi/vec4 2, 0, 3;
    %cmp/u;
    %jmp/1 T_1.2, 6;
    %dup/vec4;
    %pushi/vec4 3, 0, 3;
    %cmp/u;
    %jmp/1 T_1.3, 6;
    %dup/vec4;
    %pushi/vec4 4, 0, 3;
    %cmp/u;
    %jmp/1 T_1.4, 6;
    %dup/vec4;
    %pushi/vec4 5, 0, 3;
    %cmp/u;
    %jmp/1 T_1.5, 6;
    %dup/vec4;
    %pushi/vec4 6, 0, 3;
    %cmp/u;
    %jmp/1 T_1.6, 6;
    %dup/vec4;
    %pushi/vec4 7, 0, 3;
    %cmp/u;
    %jmp/1 T_1.7, 6;
    %pushi/vec4 0, 0, 1;
    %store/vec4 v00000233a0917220_0, 0, 1;
    %jmp T_1.9;
T_1.0 ;
    %load/vec4 v00000233a0917180_0;
    %parti/s 1, 0, 2;
    %store/vec4 v00000233a0917220_0, 0, 1;
    %jmp T_1.9;
T_1.1 ;
    %load/vec4 v00000233a0917180_0;
    %parti/s 1, 1, 2;
    %store/vec4 v00000233a0917220_0, 0, 1;
    %jmp T_1.9;
T_1.2 ;
    %load/vec4 v00000233a0917180_0;
    %parti/s 1, 2, 3;
    %store/vec4 v00000233a0917220_0, 0, 1;
    %jmp T_1.9;
T_1.3 ;
    %load/vec4 v00000233a0917180_0;
    %parti/s 1, 3, 3;
    %store/vec4 v00000233a0917220_0, 0, 1;
    %jmp T_1.9;
T_1.4 ;
    %load/vec4 v00000233a0917180_0;
    %parti/s 1, 4, 4;
    %store/vec4 v00000233a0917220_0, 0, 1;
    %jmp T_1.9;
T_1.5 ;
    %load/vec4 v00000233a0917180_0;
    %parti/s 1, 5, 4;
    %store/vec4 v00000233a0917220_0, 0, 1;
    %jmp T_1.9;
T_1.6 ;
    %load/vec4 v00000233a0917180_0;
    %parti/s 1, 6, 4;
    %store/vec4 v00000233a0917220_0, 0, 1;
    %jmp T_1.9;
T_1.7 ;
    %load/vec4 v00000233a0917180_0;
    %parti/s 1, 7, 4;
    %store/vec4 v00000233a0917220_0, 0, 1;
    %jmp T_1.9;
T_1.9 ;
    %pop/vec4 1;
    %jmp T_1;
    .thread T_1, $push;
    .scope S_00000233a091b990;
T_2 ;
    %wait E_00000233a0919df0;
    %load/vec4 v00000233a08e2fe0_0;
    %flag_set/vec4 8;
    %jmp/0xz  T_2.0, 8;
    %load/vec4 v00000233a08e3350_0;
    %dup/vec4;
    %pushi/vec4 0, 0, 2;
    %cmp/u;
    %jmp/1 T_2.2, 6;
    %dup/vec4;
    %pushi/vec4 1, 0, 2;
    %cmp/u;
    %jmp/1 T_2.3, 6;
    %dup/vec4;
    %pushi/vec4 2, 0, 2;
    %cmp/u;
    %jmp/1 T_2.4, 6;
    %dup/vec4;
    %pushi/vec4 3, 0, 2;
    %cmp/u;
    %jmp/1 T_2.5, 6;
    %pushi/vec4 0, 0, 4;
    %store/vec4 v00000233a090a1d0_0, 0, 4;
    %jmp T_2.7;
T_2.2 ;
    %pushi/vec4 1, 0, 4;
    %store/vec4 v00000233a090a1d0_0, 0, 4;
    %jmp T_2.7;
T_2.3 ;
    %pushi/vec4 2, 0, 4;
    %store/vec4 v00000233a090a1d0_0, 0, 4;
    %jmp T_2.7;
T_2.4 ;
    %pushi/vec4 4, 0, 4;
    %store/vec4 v00000233a090a1d0_0, 0, 4;
    %jmp T_2.7;
T_2.5 ;
    %pushi/vec4 8, 0, 4;
    %store/vec4 v00000233a090a1d0_0, 0, 4;
    %jmp T_2.7;
T_2.7 ;
    %pop/vec4 1;
    %jmp T_2.1;
T_2.0 ;
    %pushi/vec4 0, 0, 4;
    %store/vec4 v00000233a090a1d0_0, 0, 4;
T_2.1 ;
    %jmp T_2;
    .thread T_2, $push;
    .scope S_00000233a0909990;
T_3 ;
    %vpi_call 2 20 "$dumpfile", "lab04_mux_decoder.vcd" {0 0 0};
    %vpi_call 2 21 "$dumpvars", 32'sb00000000000000000000000000000000, S_00000233a0909990 {0 0 0};
    %pushi/vec4 10, 0, 4;
    %store/vec4 v00000233a09172c0_0, 0, 4;
    %pushi/vec4 1, 0, 1;
    %store/vec4 v00000233a096e8f0_0, 0, 1;
    %vpi_call 2 26 "$display", "data sel enable | mux_y dec_y" {0 0 0};
    %pushi/vec4 0, 0, 32;
    %store/vec4 v00000233a096f480_0, 0, 32;
T_3.0 ;
    %load/vec4 v00000233a096f480_0;
    %cmpi/s 4, 0, 32;
    %jmp/0xz T_3.1, 5;
    %load/vec4 v00000233a096f480_0;
    %parti/s 2, 0, 2;
    %store/vec4 v00000233a096f7a0_0, 0, 2;
    %delay 10000, 0;
    %vpi_call 2 30 "$display", "%b  %b    %b    |   %b   %b", v00000233a09172c0_0, v00000233a096f7a0_0, v00000233a096e8f0_0, v00000233a096f700_0, v00000233a096e850_0 {0 0 0};
    %load/vec4 v00000233a096f480_0;
    %addi 1, 0, 32;
    %store/vec4 v00000233a096f480_0, 0, 32;
    %jmp T_3.0;
T_3.1 ;
    %pushi/vec4 0, 0, 1;
    %store/vec4 v00000233a096e8f0_0, 0, 1;
    %pushi/vec4 0, 0, 32;
    %store/vec4 v00000233a096f480_0, 0, 32;
T_3.2 ;
    %load/vec4 v00000233a096f480_0;
    %cmpi/s 4, 0, 32;
    %jmp/0xz T_3.3, 5;
    %load/vec4 v00000233a096f480_0;
    %parti/s 2, 0, 2;
    %store/vec4 v00000233a096f7a0_0, 0, 2;
    %delay 10000, 0;
    %vpi_call 2 37 "$display", "%b  %b    %b    |   %b   %b", v00000233a09172c0_0, v00000233a096f7a0_0, v00000233a096e8f0_0, v00000233a096f700_0, v00000233a096e850_0 {0 0 0};
    %load/vec4 v00000233a096f480_0;
    %addi 1, 0, 32;
    %store/vec4 v00000233a096f480_0, 0, 32;
    %jmp T_3.2;
T_3.3 ;
    %pushi/vec4 178, 0, 8;
    %store/vec4 v00000233a0917360_0, 0, 8;
    %vpi_call 2 41 "$display", "\000" {0 0 0};
    %vpi_call 2 42 "$display", "data8    sel8 | mux8_y" {0 0 0};
    %pushi/vec4 0, 0, 32;
    %store/vec4 v00000233a096f480_0, 0, 32;
T_3.4 ;
    %load/vec4 v00000233a096f480_0;
    %cmpi/s 8, 0, 32;
    %jmp/0xz T_3.5, 5;
    %load/vec4 v00000233a096f480_0;
    %parti/s 3, 0, 2;
    %store/vec4 v00000233a096f840_0, 0, 3;
    %delay 10000, 0;
    %vpi_call 2 46 "$display", "%b  %b  |   %b", v00000233a0917360_0, v00000233a096f840_0, v00000233a096f520_0 {0 0 0};
    %load/vec4 v00000233a096f480_0;
    %addi 1, 0, 32;
    %store/vec4 v00000233a096f480_0, 0, 32;
    %jmp T_3.4;
T_3.5 ;
    %vpi_call 2 49 "$finish" {0 0 0};
    %end;
    .thread T_3;
# The file index is used to find the file name in the following table.
:file_names 4;
    "N/A";
    "<interactive>";
    "tb_mux_decoder.v";
    "mux_decoder.v";
