#! /c/Source/iverilog-install/bin/vvp
:ivl_version "12.0 (devel)" "(s20150603-1539-g2693dd32b)";
:ivl_delay_selection "TYPICAL";
:vpi_time_precision - 12;
:vpi_module "C:\iverilog\lib\ivl\system.vpi";
:vpi_module "C:\iverilog\lib\ivl\vhdl_sys.vpi";
:vpi_module "C:\iverilog\lib\ivl\vhdl_textio.vpi";
:vpi_module "C:\iverilog\lib\ivl\v2005_math.vpi";
:vpi_module "C:\iverilog\lib\ivl\va_math.vpi";
S_0000028805a5e2a0 .scope module, "tb_compare_alu" "tb_compare_alu" 2 3;
 .timescale -9 -12;
v0000028805af7650_0 .var "a", 3 0;
v0000028805af76f0_0 .var "b", 3 0;
v0000028805af7790_0 .net "eq", 0 0, L_0000028805af7c40;  1 drivers
v0000028805af7830_0 .net "gt", 0 0, L_0000028805af80a0;  1 drivers
v0000028805af8280_0 .var/i "i", 31 0;
v0000028805af8000_0 .net "lt", 0 0, L_0000028805af8320;  1 drivers
v0000028805af8500_0 .var "op", 2 0;
v0000028805af8780_0 .net "result", 3 0, v0000028805a5be50_0;  1 drivers
v0000028805af8820_0 .net "zero", 0 0, L_0000028805af7e20;  1 drivers
S_0000028805a5e430 .scope module, "alu" "alu4" 2 16, 3 15 0, S_0000028805a5e2a0;
 .timescale -9 -12;
    .port_info 0 /INPUT 4 "a";
    .port_info 1 /INPUT 4 "b";
    .port_info 2 /INPUT 3 "op";
    .port_info 3 /OUTPUT 4 "result";
    .port_info 4 /OUTPUT 1 "zero";
L_0000028805af88e8 .functor BUFT 1, C4<0000>, C4<0>, C4<0>, C4<0>;
v0000028805a73000_0 .net/2u *"_ivl_0", 3 0, L_0000028805af88e8;  1 drivers
v0000028805a727f0_0 .net "a", 3 0, v0000028805af7650_0;  1 drivers
v0000028805a72890_0 .net "b", 3 0, v0000028805af76f0_0;  1 drivers
v0000028805a72930_0 .net "op", 2 0, v0000028805af8500_0;  1 drivers
v0000028805a5be50_0 .var "result", 3 0;
v0000028805a729d0_0 .net "zero", 0 0, L_0000028805af7e20;  alias, 1 drivers
E_0000028805a5b920 .event anyedge, v0000028805a72930_0, v0000028805a727f0_0, v0000028805a72890_0;
L_0000028805af7e20 .cmp/eq 4, v0000028805a5be50_0, L_0000028805af88e8;
S_0000028805a72a70 .scope module, "cmp" "comparator4" 2 15, 3 3 0, S_0000028805a5e2a0;
 .timescale -9 -12;
    .port_info 0 /INPUT 4 "a";
    .port_info 1 /INPUT 4 "b";
    .port_info 2 /OUTPUT 1 "eq";
    .port_info 3 /OUTPUT 1 "gt";
    .port_info 4 /OUTPUT 1 "lt";
v0000028805a72c00_0 .net "a", 3 0, v0000028805af7650_0;  alias, 1 drivers
v0000028805af73d0_0 .net "b", 3 0, v0000028805af76f0_0;  alias, 1 drivers
v0000028805af7470_0 .net "eq", 0 0, L_0000028805af7c40;  alias, 1 drivers
v0000028805af7510_0 .net "gt", 0 0, L_0000028805af80a0;  alias, 1 drivers
v0000028805af75b0_0 .net "lt", 0 0, L_0000028805af8320;  alias, 1 drivers
L_0000028805af7c40 .cmp/eq 4, v0000028805af7650_0, v0000028805af76f0_0;
L_0000028805af80a0 .cmp/gt 4, v0000028805af7650_0, v0000028805af76f0_0;
L_0000028805af8320 .cmp/gt 4, v0000028805af76f0_0, v0000028805af7650_0;
    .scope S_0000028805a5e430;
T_0 ;
    %wait E_0000028805a5b920;
    %load/vec4 v0000028805a72930_0;
    %dup/vec4;
    %pushi/vec4 0, 0, 3;
    %cmp/u;
    %jmp/1 T_0.0, 6;
    %dup/vec4;
    %pushi/vec4 1, 0, 3;
    %cmp/u;
    %jmp/1 T_0.1, 6;
    %dup/vec4;
    %pushi/vec4 2, 0, 3;
    %cmp/u;
    %jmp/1 T_0.2, 6;
    %dup/vec4;
    %pushi/vec4 3, 0, 3;
    %cmp/u;
    %jmp/1 T_0.3, 6;
    %dup/vec4;
    %pushi/vec4 4, 0, 3;
    %cmp/u;
    %jmp/1 T_0.4, 6;
    %pushi/vec4 0, 0, 4;
    %store/vec4 v0000028805a5be50_0, 0, 4;
    %jmp T_0.6;
T_0.0 ;
    %load/vec4 v0000028805a727f0_0;
    %load/vec4 v0000028805a72890_0;
    %add;
    %store/vec4 v0000028805a5be50_0, 0, 4;
    %jmp T_0.6;
T_0.1 ;
    %load/vec4 v0000028805a727f0_0;
    %load/vec4 v0000028805a72890_0;
    %sub;
    %store/vec4 v0000028805a5be50_0, 0, 4;
    %jmp T_0.6;
T_0.2 ;
    %load/vec4 v0000028805a727f0_0;
    %load/vec4 v0000028805a72890_0;
    %and;
    %store/vec4 v0000028805a5be50_0, 0, 4;
    %jmp T_0.6;
T_0.3 ;
    %load/vec4 v0000028805a727f0_0;
    %load/vec4 v0000028805a72890_0;
    %or;
    %store/vec4 v0000028805a5be50_0, 0, 4;
    %jmp T_0.6;
T_0.4 ;
    %load/vec4 v0000028805a727f0_0;
    %inv;
    %store/vec4 v0000028805a5be50_0, 0, 4;
    %jmp T_0.6;
T_0.6 ;
    %pop/vec4 1;
    %jmp T_0;
    .thread T_0, $push;
    .scope S_0000028805a5e2a0;
T_1 ;
    %vpi_call 2 19 "$dumpfile", "lab05_compare_alu.vcd" {0 0 0};
    %vpi_call 2 20 "$dumpvars", 32'sb00000000000000000000000000000000, S_0000028805a5e2a0 {0 0 0};
    %pushi/vec4 9, 0, 4;
    %store/vec4 v0000028805af7650_0, 0, 4;
    %pushi/vec4 3, 0, 4;
    %store/vec4 v0000028805af76f0_0, 0, 4;
    %vpi_call 2 24 "$display", "a b op | result zero eq gt lt" {0 0 0};
    %pushi/vec4 0, 0, 32;
    %store/vec4 v0000028805af8280_0, 0, 32;
T_1.0 ;
    %load/vec4 v0000028805af8280_0;
    %cmpi/s 5, 0, 32;
    %jmp/0xz T_1.1, 5;
    %load/vec4 v0000028805af8280_0;
    %parti/s 3, 0, 2;
    %store/vec4 v0000028805af8500_0, 0, 3;
    %delay 10000, 0;
    %vpi_call 2 29 "$display", "%d %d %b |   %d     %b   %b  %b  %b", v0000028805af7650_0, v0000028805af76f0_0, v0000028805af8500_0, v0000028805af8780_0, v0000028805af8820_0, v0000028805af7790_0, v0000028805af7830_0, v0000028805af8000_0 {0 0 0};
    %load/vec4 v0000028805af8280_0;
    %addi 1, 0, 32;
    %store/vec4 v0000028805af8280_0, 0, 32;
    %jmp T_1.0;
T_1.1 ;
    %pushi/vec4 5, 0, 4;
    %store/vec4 v0000028805af7650_0, 0, 4;
    %pushi/vec4 5, 0, 4;
    %store/vec4 v0000028805af76f0_0, 0, 4;
    %pushi/vec4 1, 0, 3;
    %store/vec4 v0000028805af8500_0, 0, 3;
    %delay 10000, 0;
    %vpi_call 2 37 "$display", "%d %d %b |   %d     %b   %b  %b  %b", v0000028805af7650_0, v0000028805af76f0_0, v0000028805af8500_0, v0000028805af8780_0, v0000028805af8820_0, v0000028805af7790_0, v0000028805af7830_0, v0000028805af8000_0 {0 0 0};
    %vpi_call 2 40 "$finish" {0 0 0};
    %end;
    .thread T_1;
# The file index is used to find the file name in the following table.
:file_names 4;
    "N/A";
    "<interactive>";
    "tb_compare_alu.v";
    "compare_alu.v";
