#! /c/Source/iverilog-install/bin/vvp
:ivl_version "12.0 (devel)" "(s20150603-1539-g2693dd32b)";
:ivl_delay_selection "TYPICAL";
:vpi_time_precision - 12;
:vpi_module "C:\iverilog\lib\ivl\system.vpi";
:vpi_module "C:\iverilog\lib\ivl\vhdl_sys.vpi";
:vpi_module "C:\iverilog\lib\ivl\vhdl_textio.vpi";
:vpi_module "C:\iverilog\lib\ivl\v2005_math.vpi";
:vpi_module "C:\iverilog\lib\ivl\va_math.vpi";
S_000001748e55dd10 .scope module, "tb_adders" "tb_adders" 2 3;
 .timescale -9 -12;
v000001748e5bea10_0 .var "a", 0 0;
v000001748e5be010_0 .var "a4", 3 0;
v000001748e5be470_0 .var "a8", 7 0;
v000001748e5bedd0_0 .var "b", 0 0;
v000001748e5bee70_0 .var "b4", 3 0;
v000001748e5be150_0 .var "b8", 7 0;
v000001748e5bed30_0 .var "cin", 0 0;
v000001748e5be5b0_0 .var "cin4", 0 0;
v000001748e5bd6b0_0 .var "cin8", 0 0;
v000001748e5bd1b0_0 .net "cout", 0 0, L_000001748e5c0f00;  1 drivers
v000001748e5be650_0 .net "cout4", 0 0, L_000001748e5c0cd0;  1 drivers
v000001748e5be830_0 .net "cout8", 0 0, L_000001748e5c7ee0;  1 drivers
v000001748e5bda70_0 .net "ha_carry", 0 0, L_000001748e555880;  1 drivers
v000001748e5beb50_0 .net "ha_sum", 0 0, L_000001748e555810;  1 drivers
v000001748e5bebf0_0 .var/i "i", 31 0;
v000001748e5bec90_0 .net "sum", 0 0, L_000001748e555a40;  1 drivers
v000001748e5bd250_0 .net "sum4", 3 0, L_000001748e5c1960;  1 drivers
v000001748e5bd2f0_0 .net "sum8", 7 0, L_000001748e5c33a0;  1 drivers
S_000001748e560140 .scope module, "add4" "adder_4bit" 2 28, 3 24 0, S_000001748e55dd10;
 .timescale -9 -12;
    .port_info 0 /INPUT 4 "a";
    .port_info 1 /INPUT 4 "b";
    .port_info 2 /INPUT 1 "cin";
    .port_info 3 /OUTPUT 4 "sum";
    .port_info 4 /OUTPUT 1 "cout";
v000001748e5ba270_0 .net "a", 3 0, v000001748e5be010_0;  1 drivers
v000001748e5ba450_0 .net "b", 3 0, v000001748e5bee70_0;  1 drivers
v000001748e5b9a50_0 .net "c1", 0 0, L_000001748e5c0aa0;  1 drivers
v000001748e5ba4f0_0 .net "c2", 0 0, L_000001748e5c12f0;  1 drivers
v000001748e5b9cd0_0 .net "c3", 0 0, L_000001748e5c09c0;  1 drivers
v000001748e5b9230_0 .net "cin", 0 0, v000001748e5be5b0_0;  1 drivers
v000001748e5b9050_0 .net "cout", 0 0, L_000001748e5c0cd0;  alias, 1 drivers
v000001748e5b9410_0 .net "sum", 3 0, L_000001748e5c1960;  alias, 1 drivers
L_000001748e5bd4d0 .part v000001748e5be010_0, 0, 1;
L_000001748e5bd610 .part v000001748e5bee70_0, 0, 1;
L_000001748e5bd750 .part v000001748e5be010_0, 1, 1;
L_000001748e5c15a0 .part v000001748e5bee70_0, 1, 1;
L_000001748e5c1c80 .part v000001748e5be010_0, 2, 1;
L_000001748e5c1780 .part v000001748e5bee70_0, 2, 1;
L_000001748e5c2ea0 .part v000001748e5be010_0, 3, 1;
L_000001748e5c2b80 .part v000001748e5bee70_0, 3, 1;
L_000001748e5c1960 .concat8 [ 1 1 1 1], L_000001748e5c0870, L_000001748e5c1210, L_000001748e5c0e90, L_000001748e5c0bf0;
S_000001748e564fb0 .scope module, "fa0" "full_adder" 3 35, 3 13 0, S_000001748e560140;
 .timescale -9 -12;
    .port_info 0 /INPUT 1 "a";
    .port_info 1 /INPUT 1 "b";
    .port_info 2 /INPUT 1 "cin";
    .port_info 3 /OUTPUT 1 "sum";
    .port_info 4 /OUTPUT 1 "cout";
L_000001748e5c1360 .functor XOR 1, L_000001748e5bd4d0, L_000001748e5bd610, C4<0>, C4<0>;
L_000001748e5c0870 .functor XOR 1, L_000001748e5c1360, v000001748e5be5b0_0, C4<0>, C4<0>;
L_000001748e5c13d0 .functor AND 1, L_000001748e5bd4d0, L_000001748e5bd610, C4<1>, C4<1>;
L_000001748e5c0640 .functor AND 1, L_000001748e5bd4d0, v000001748e5be5b0_0, C4<1>, C4<1>;
L_000001748e5c0a30 .functor OR 1, L_000001748e5c13d0, L_000001748e5c0640, C4<0>, C4<0>;
L_000001748e5c04f0 .functor AND 1, L_000001748e5bd610, v000001748e5be5b0_0, C4<1>, C4<1>;
L_000001748e5c0aa0 .functor OR 1, L_000001748e5c0a30, L_000001748e5c04f0, C4<0>, C4<0>;
v000001748e559f50_0 .net *"_ivl_0", 0 0, L_000001748e5c1360;  1 drivers
v000001748e559ff0_0 .net *"_ivl_10", 0 0, L_000001748e5c04f0;  1 drivers
v000001748e558e70_0 .net *"_ivl_4", 0 0, L_000001748e5c13d0;  1 drivers
v000001748e55a310_0 .net *"_ivl_6", 0 0, L_000001748e5c0640;  1 drivers
v000001748e558f10_0 .net *"_ivl_8", 0 0, L_000001748e5c0a30;  1 drivers
v000001748e55a950_0 .net "a", 0 0, L_000001748e5bd4d0;  1 drivers
v000001748e55a8b0_0 .net "b", 0 0, L_000001748e5bd610;  1 drivers
v000001748e558fb0_0 .net "cin", 0 0, v000001748e5be5b0_0;  alias, 1 drivers
v000001748e55a3b0_0 .net "cout", 0 0, L_000001748e5c0aa0;  alias, 1 drivers
v000001748e559050_0 .net "sum", 0 0, L_000001748e5c0870;  1 drivers
S_000001748e565140 .scope module, "fa1" "full_adder" 3 36, 3 13 0, S_000001748e560140;
 .timescale -9 -12;
    .port_info 0 /INPUT 1 "a";
    .port_info 1 /INPUT 1 "b";
    .port_info 2 /INPUT 1 "cin";
    .port_info 3 /OUTPUT 1 "sum";
    .port_info 4 /OUTPUT 1 "cout";
L_000001748e5c0720 .functor XOR 1, L_000001748e5bd750, L_000001748e5c15a0, C4<0>, C4<0>;
L_000001748e5c1210 .functor XOR 1, L_000001748e5c0720, L_000001748e5c0aa0, C4<0>, C4<0>;
L_000001748e5c1050 .functor AND 1, L_000001748e5bd750, L_000001748e5c15a0, C4<1>, C4<1>;
L_000001748e5c0b10 .functor AND 1, L_000001748e5bd750, L_000001748e5c0aa0, C4<1>, C4<1>;
L_000001748e5c0950 .functor OR 1, L_000001748e5c1050, L_000001748e5c0b10, C4<0>, C4<0>;
L_000001748e5c08e0 .functor AND 1, L_000001748e5c15a0, L_000001748e5c0aa0, C4<1>, C4<1>;
L_000001748e5c12f0 .functor OR 1, L_000001748e5c0950, L_000001748e5c08e0, C4<0>, C4<0>;
v000001748e55a630_0 .net *"_ivl_0", 0 0, L_000001748e5c0720;  1 drivers
v000001748e559a50_0 .net *"_ivl_10", 0 0, L_000001748e5c08e0;  1 drivers
v000001748e55a9f0_0 .net *"_ivl_4", 0 0, L_000001748e5c1050;  1 drivers
v000001748e559eb0_0 .net *"_ivl_6", 0 0, L_000001748e5c0b10;  1 drivers
v000001748e55a130_0 .net *"_ivl_8", 0 0, L_000001748e5c0950;  1 drivers
v000001748e5592d0_0 .net "a", 0 0, L_000001748e5bd750;  1 drivers
v000001748e559690_0 .net "b", 0 0, L_000001748e5c15a0;  1 drivers
v000001748e559190_0 .net "cin", 0 0, L_000001748e5c0aa0;  alias, 1 drivers
v000001748e5594b0_0 .net "cout", 0 0, L_000001748e5c12f0;  alias, 1 drivers
v000001748e55a1d0_0 .net "sum", 0 0, L_000001748e5c1210;  1 drivers
S_000001748e525880 .scope module, "fa2" "full_adder" 3 37, 3 13 0, S_000001748e560140;
 .timescale -9 -12;
    .port_info 0 /INPUT 1 "a";
    .port_info 1 /INPUT 1 "b";
    .port_info 2 /INPUT 1 "cin";
    .port_info 3 /OUTPUT 1 "sum";
    .port_info 4 /OUTPUT 1 "cout";
L_000001748e5c11a0 .functor XOR 1, L_000001748e5c1c80, L_000001748e5c1780, C4<0>, C4<0>;
L_000001748e5c0e90 .functor XOR 1, L_000001748e5c11a0, L_000001748e5c12f0, C4<0>, C4<0>;
L_000001748e5c0db0 .functor AND 1, L_000001748e5c1c80, L_000001748e5c1780, C4<1>, C4<1>;
L_000001748e5c0f70 .functor AND 1, L_000001748e5c1c80, L_000001748e5c12f0, C4<1>, C4<1>;
L_000001748e5c10c0 .functor OR 1, L_000001748e5c0db0, L_000001748e5c0f70, C4<0>, C4<0>;
L_000001748e5c0fe0 .functor AND 1, L_000001748e5c1780, L_000001748e5c12f0, C4<1>, C4<1>;
L_000001748e5c09c0 .functor OR 1, L_000001748e5c10c0, L_000001748e5c0fe0, C4<0>, C4<0>;
v000001748e55a4f0_0 .net *"_ivl_0", 0 0, L_000001748e5c11a0;  1 drivers
v000001748e548080_0 .net *"_ivl_10", 0 0, L_000001748e5c0fe0;  1 drivers
v000001748e549340_0 .net *"_ivl_4", 0 0, L_000001748e5c0db0;  1 drivers
v000001748e547860_0 .net *"_ivl_6", 0 0, L_000001748e5c0f70;  1 drivers
v000001748e548800_0 .net *"_ivl_8", 0 0, L_000001748e5c10c0;  1 drivers
v000001748e5b8e70_0 .net "a", 0 0, L_000001748e5c1c80;  1 drivers
v000001748e5b90f0_0 .net "b", 0 0, L_000001748e5c1780;  1 drivers
v000001748e5b9870_0 .net "cin", 0 0, L_000001748e5c12f0;  alias, 1 drivers
v000001748e5b94b0_0 .net "cout", 0 0, L_000001748e5c09c0;  alias, 1 drivers
v000001748e5bab30_0 .net "sum", 0 0, L_000001748e5c0e90;  1 drivers
S_000001748e525a10 .scope module, "fa3" "full_adder" 3 38, 3 13 0, S_000001748e560140;
 .timescale -9 -12;
    .port_info 0 /INPUT 1 "a";
    .port_info 1 /INPUT 1 "b";
    .port_info 2 /INPUT 1 "cin";
    .port_info 3 /OUTPUT 1 "sum";
    .port_info 4 /OUTPUT 1 "cout";
L_000001748e5c0b80 .functor XOR 1, L_000001748e5c2ea0, L_000001748e5c2b80, C4<0>, C4<0>;
L_000001748e5c0bf0 .functor XOR 1, L_000001748e5c0b80, L_000001748e5c09c0, C4<0>, C4<0>;
L_000001748e5c0560 .functor AND 1, L_000001748e5c2ea0, L_000001748e5c2b80, C4<1>, C4<1>;
L_000001748e5c0c60 .functor AND 1, L_000001748e5c2ea0, L_000001748e5c09c0, C4<1>, C4<1>;
L_000001748e5c0e20 .functor OR 1, L_000001748e5c0560, L_000001748e5c0c60, C4<0>, C4<0>;
L_000001748e5c06b0 .functor AND 1, L_000001748e5c2b80, L_000001748e5c09c0, C4<1>, C4<1>;
L_000001748e5c0cd0 .functor OR 1, L_000001748e5c0e20, L_000001748e5c06b0, C4<0>, C4<0>;
v000001748e5baa90_0 .net *"_ivl_0", 0 0, L_000001748e5c0b80;  1 drivers
v000001748e5ba8b0_0 .net *"_ivl_10", 0 0, L_000001748e5c06b0;  1 drivers
v000001748e5bac70_0 .net *"_ivl_4", 0 0, L_000001748e5c0560;  1 drivers
v000001748e5ba130_0 .net *"_ivl_6", 0 0, L_000001748e5c0c60;  1 drivers
v000001748e5b9190_0 .net *"_ivl_8", 0 0, L_000001748e5c0e20;  1 drivers
v000001748e5b9910_0 .net "a", 0 0, L_000001748e5c2ea0;  1 drivers
v000001748e5b9d70_0 .net "b", 0 0, L_000001748e5c2b80;  1 drivers
v000001748e5b92d0_0 .net "cin", 0 0, L_000001748e5c09c0;  alias, 1 drivers
v000001748e5b9730_0 .net "cout", 0 0, L_000001748e5c0cd0;  alias, 1 drivers
v000001748e5b99b0_0 .net "sum", 0 0, L_000001748e5c0bf0;  1 drivers
S_000001748e529310 .scope module, "add8" "adder_8bit" 2 29, 3 41 0, S_000001748e55dd10;
 .timescale -9 -12;
    .port_info 0 /INPUT 8 "a";
    .port_info 1 /INPUT 8 "b";
    .port_info 2 /INPUT 1 "cin";
    .port_info 3 /OUTPUT 8 "sum";
    .port_info 4 /OUTPUT 1 "cout";
v000001748e5bd430_0 .net "a", 7 0, v000001748e5be470_0;  1 drivers
v000001748e5bdbb0_0 .net "b", 7 0, v000001748e5be150_0;  1 drivers
v000001748e5bd570_0 .net "c1", 0 0, L_000001748e5c4070;  1 drivers
v000001748e5bdb10_0 .net "c2", 0 0, L_000001748e5c3eb0;  1 drivers
v000001748e5bdc50_0 .net "c3", 0 0, L_000001748e5c3c10;  1 drivers
v000001748e5bdcf0_0 .net "c4", 0 0, L_000001748e5c40e0;  1 drivers
v000001748e5be290_0 .net "c5", 0 0, L_000001748e5c3660;  1 drivers
v000001748e5be510_0 .net "c6", 0 0, L_000001748e5c83b0;  1 drivers
v000001748e5be3d0_0 .net "c7", 0 0, L_000001748e5c79a0;  1 drivers
v000001748e5be6f0_0 .net "cin", 0 0, v000001748e5bd6b0_0;  1 drivers
v000001748e5bef10_0 .net "cout", 0 0, L_000001748e5c7ee0;  alias, 1 drivers
v000001748e5bdd90_0 .net "sum", 7 0, L_000001748e5c33a0;  alias, 1 drivers
L_000001748e5c2c20 .part v000001748e5be470_0, 0, 1;
L_000001748e5c2f40 .part v000001748e5be150_0, 0, 1;
L_000001748e5c2fe0 .part v000001748e5be470_0, 1, 1;
L_000001748e5c1fa0 .part v000001748e5be150_0, 1, 1;
L_000001748e5c2860 .part v000001748e5be470_0, 2, 1;
L_000001748e5c2a40 .part v000001748e5be150_0, 2, 1;
L_000001748e5c2cc0 .part v000001748e5be470_0, 3, 1;
L_000001748e5c2040 .part v000001748e5be150_0, 3, 1;
L_000001748e5c3120 .part v000001748e5be470_0, 4, 1;
L_000001748e5c2360 .part v000001748e5be150_0, 4, 1;
L_000001748e5c2d60 .part v000001748e5be470_0, 5, 1;
L_000001748e5c1be0 .part v000001748e5be150_0, 5, 1;
L_000001748e5c20e0 .part v000001748e5be470_0, 6, 1;
L_000001748e5c31c0 .part v000001748e5be150_0, 6, 1;
L_000001748e5c3080 .part v000001748e5be470_0, 7, 1;
L_000001748e5c2e00 .part v000001748e5be150_0, 7, 1;
LS_000001748e5c33a0_0_0 .concat8 [ 1 1 1 1], L_000001748e5c1280, L_000001748e5c3580, L_000001748e5c3d60, L_000001748e5c3820;
LS_000001748e5c33a0_0_4 .concat8 [ 1 1 1 1], L_000001748e5c4230, L_000001748e5c3740, L_000001748e5c7d90, L_000001748e5c7620;
L_000001748e5c33a0 .concat8 [ 4 4 0 0], LS_000001748e5c33a0_0_0, LS_000001748e5c33a0_0_4;
S_000001748e5294a0 .scope module, "fa0" "full_adder" 3 56, 3 13 0, S_000001748e529310;
 .timescale -9 -12;
    .port_info 0 /INPUT 1 "a";
    .port_info 1 /INPUT 1 "b";
    .port_info 2 /INPUT 1 "cin";
    .port_info 3 /OUTPUT 1 "sum";
    .port_info 4 /OUTPUT 1 "cout";
L_000001748e5c0d40 .functor XOR 1, L_000001748e5c2c20, L_000001748e5c2f40, C4<0>, C4<0>;
L_000001748e5c1280 .functor XOR 1, L_000001748e5c0d40, v000001748e5bd6b0_0, C4<0>, C4<0>;
L_000001748e5c39e0 .functor AND 1, L_000001748e5c2c20, L_000001748e5c2f40, C4<1>, C4<1>;
L_000001748e5c3a50 .functor AND 1, L_000001748e5c2c20, v000001748e5bd6b0_0, C4<1>, C4<1>;
L_000001748e5c3ac0 .functor OR 1, L_000001748e5c39e0, L_000001748e5c3a50, C4<0>, C4<0>;
L_000001748e5c3e40 .functor AND 1, L_000001748e5c2f40, v000001748e5bd6b0_0, C4<1>, C4<1>;
L_000001748e5c4070 .functor OR 1, L_000001748e5c3ac0, L_000001748e5c3e40, C4<0>, C4<0>;
v000001748e5b9690_0 .net *"_ivl_0", 0 0, L_000001748e5c0d40;  1 drivers
v000001748e5ba630_0 .net *"_ivl_10", 0 0, L_000001748e5c3e40;  1 drivers
v000001748e5ba590_0 .net *"_ivl_4", 0 0, L_000001748e5c39e0;  1 drivers
v000001748e5ba810_0 .net *"_ivl_6", 0 0, L_000001748e5c3a50;  1 drivers
v000001748e5b9af0_0 .net *"_ivl_8", 0 0, L_000001748e5c3ac0;  1 drivers
v000001748e5b9550_0 .net "a", 0 0, L_000001748e5c2c20;  1 drivers
v000001748e5ba1d0_0 .net "b", 0 0, L_000001748e5c2f40;  1 drivers
v000001748e5b9e10_0 .net "cin", 0 0, v000001748e5bd6b0_0;  alias, 1 drivers
v000001748e5ba310_0 .net "cout", 0 0, L_000001748e5c4070;  alias, 1 drivers
v000001748e5ba6d0_0 .net "sum", 0 0, L_000001748e5c1280;  1 drivers
S_000001748e46ce80 .scope module, "fa1" "full_adder" 3 57, 3 13 0, S_000001748e529310;
 .timescale -9 -12;
    .port_info 0 /INPUT 1 "a";
    .port_info 1 /INPUT 1 "b";
    .port_info 2 /INPUT 1 "cin";
    .port_info 3 /OUTPUT 1 "sum";
    .port_info 4 /OUTPUT 1 "cout";
L_000001748e5c3890 .functor XOR 1, L_000001748e5c2fe0, L_000001748e5c1fa0, C4<0>, C4<0>;
L_000001748e5c3580 .functor XOR 1, L_000001748e5c3890, L_000001748e5c4070, C4<0>, C4<0>;
L_000001748e5c4150 .functor AND 1, L_000001748e5c2fe0, L_000001748e5c1fa0, C4<1>, C4<1>;
L_000001748e5c43f0 .functor AND 1, L_000001748e5c2fe0, L_000001748e5c4070, C4<1>, C4<1>;
L_000001748e5c3cf0 .functor OR 1, L_000001748e5c4150, L_000001748e5c43f0, C4<0>, C4<0>;
L_000001748e5c3c80 .functor AND 1, L_000001748e5c1fa0, L_000001748e5c4070, C4<1>, C4<1>;
L_000001748e5c3eb0 .functor OR 1, L_000001748e5c3cf0, L_000001748e5c3c80, C4<0>, C4<0>;
v000001748e5b9370_0 .net *"_ivl_0", 0 0, L_000001748e5c3890;  1 drivers
v000001748e5ba9f0_0 .net *"_ivl_10", 0 0, L_000001748e5c3c80;  1 drivers
v000001748e5b97d0_0 .net *"_ivl_4", 0 0, L_000001748e5c4150;  1 drivers
v000001748e5b9b90_0 .net *"_ivl_6", 0 0, L_000001748e5c43f0;  1 drivers
v000001748e5b9c30_0 .net *"_ivl_8", 0 0, L_000001748e5c3cf0;  1 drivers
v000001748e5b95f0_0 .net "a", 0 0, L_000001748e5c2fe0;  1 drivers
v000001748e5babd0_0 .net "b", 0 0, L_000001748e5c1fa0;  1 drivers
v000001748e5ba3b0_0 .net "cin", 0 0, L_000001748e5c4070;  alias, 1 drivers
v000001748e5b9eb0_0 .net "cout", 0 0, L_000001748e5c3eb0;  alias, 1 drivers
v000001748e5b9f50_0 .net "sum", 0 0, L_000001748e5c3580;  1 drivers
S_000001748e46d010 .scope module, "fa2" "full_adder" 3 58, 3 13 0, S_000001748e529310;
 .timescale -9 -12;
    .port_info 0 /INPUT 1 "a";
    .port_info 1 /INPUT 1 "b";
    .port_info 2 /INPUT 1 "cin";
    .port_info 3 /OUTPUT 1 "sum";
    .port_info 4 /OUTPUT 1 "cout";
L_000001748e5c35f0 .functor XOR 1, L_000001748e5c2860, L_000001748e5c2a40, C4<0>, C4<0>;
L_000001748e5c3d60 .functor XOR 1, L_000001748e5c35f0, L_000001748e5c3eb0, C4<0>, C4<0>;
L_000001748e5c37b0 .functor AND 1, L_000001748e5c2860, L_000001748e5c2a40, C4<1>, C4<1>;
L_000001748e5c3dd0 .functor AND 1, L_000001748e5c2860, L_000001748e5c3eb0, C4<1>, C4<1>;
L_000001748e5c4000 .functor OR 1, L_000001748e5c37b0, L_000001748e5c3dd0, C4<0>, C4<0>;
L_000001748e5c3900 .functor AND 1, L_000001748e5c2a40, L_000001748e5c3eb0, C4<1>, C4<1>;
L_000001748e5c3c10 .functor OR 1, L_000001748e5c4000, L_000001748e5c3900, C4<0>, C4<0>;
v000001748e5ba770_0 .net *"_ivl_0", 0 0, L_000001748e5c35f0;  1 drivers
v000001748e5b9ff0_0 .net *"_ivl_10", 0 0, L_000001748e5c3900;  1 drivers
v000001748e5ba090_0 .net *"_ivl_4", 0 0, L_000001748e5c37b0;  1 drivers
v000001748e5ba950_0 .net *"_ivl_6", 0 0, L_000001748e5c3dd0;  1 drivers
v000001748e5bad10_0 .net *"_ivl_8", 0 0, L_000001748e5c4000;  1 drivers
v000001748e5b8f10_0 .net "a", 0 0, L_000001748e5c2860;  1 drivers
v000001748e5b8fb0_0 .net "b", 0 0, L_000001748e5c2a40;  1 drivers
v000001748e5bc0a0_0 .net "cin", 0 0, L_000001748e5c3eb0;  alias, 1 drivers
v000001748e5bb380_0 .net "cout", 0 0, L_000001748e5c3c10;  alias, 1 drivers
v000001748e5bcc80_0 .net "sum", 0 0, L_000001748e5c3d60;  1 drivers
S_000001748e5bce40 .scope module, "fa3" "full_adder" 3 59, 3 13 0, S_000001748e529310;
 .timescale -9 -12;
    .port_info 0 /INPUT 1 "a";
    .port_info 1 /INPUT 1 "b";
    .port_info 2 /INPUT 1 "cin";
    .port_info 3 /OUTPUT 1 "sum";
    .port_info 4 /OUTPUT 1 "cout";
L_000001748e5c3b30 .functor XOR 1, L_000001748e5c2cc0, L_000001748e5c2040, C4<0>, C4<0>;
L_000001748e5c3820 .functor XOR 1, L_000001748e5c3b30, L_000001748e5c3c10, C4<0>, C4<0>;
L_000001748e5c3970 .functor AND 1, L_000001748e5c2cc0, L_000001748e5c2040, C4<1>, C4<1>;
L_000001748e5c3ba0 .functor AND 1, L_000001748e5c2cc0, L_000001748e5c3c10, C4<1>, C4<1>;
L_000001748e5c3f20 .functor OR 1, L_000001748e5c3970, L_000001748e5c3ba0, C4<0>, C4<0>;
L_000001748e5c3f90 .functor AND 1, L_000001748e5c2040, L_000001748e5c3c10, C4<1>, C4<1>;
L_000001748e5c40e0 .functor OR 1, L_000001748e5c3f20, L_000001748e5c3f90, C4<0>, C4<0>;
v000001748e5bb880_0 .net *"_ivl_0", 0 0, L_000001748e5c3b30;  1 drivers
v000001748e5bb240_0 .net *"_ivl_10", 0 0, L_000001748e5c3f90;  1 drivers
v000001748e5bb600_0 .net *"_ivl_4", 0 0, L_000001748e5c3970;  1 drivers
v000001748e5bb920_0 .net *"_ivl_6", 0 0, L_000001748e5c3ba0;  1 drivers
v000001748e5bbec0_0 .net *"_ivl_8", 0 0, L_000001748e5c3f20;  1 drivers
v000001748e5bc6e0_0 .net "a", 0 0, L_000001748e5c2cc0;  1 drivers
v000001748e5bc3c0_0 .net "b", 0 0, L_000001748e5c2040;  1 drivers
v000001748e5bcbe0_0 .net "cin", 0 0, L_000001748e5c3c10;  alias, 1 drivers
v000001748e5bb9c0_0 .net "cout", 0 0, L_000001748e5c40e0;  alias, 1 drivers
v000001748e5bc460_0 .net "sum", 0 0, L_000001748e5c3820;  1 drivers
S_000001748e4f27f0 .scope module, "fa4" "full_adder" 3 60, 3 13 0, S_000001748e529310;
 .timescale -9 -12;
    .port_info 0 /INPUT 1 "a";
    .port_info 1 /INPUT 1 "b";
    .port_info 2 /INPUT 1 "cin";
    .port_info 3 /OUTPUT 1 "sum";
    .port_info 4 /OUTPUT 1 "cout";
L_000001748e5c41c0 .functor XOR 1, L_000001748e5c3120, L_000001748e5c2360, C4<0>, C4<0>;
L_000001748e5c4230 .functor XOR 1, L_000001748e5c41c0, L_000001748e5c40e0, C4<0>, C4<0>;
L_000001748e5c42a0 .functor AND 1, L_000001748e5c3120, L_000001748e5c2360, C4<1>, C4<1>;
L_000001748e5c4310 .functor AND 1, L_000001748e5c3120, L_000001748e5c40e0, C4<1>, C4<1>;
L_000001748e5c4380 .functor OR 1, L_000001748e5c42a0, L_000001748e5c4310, C4<0>, C4<0>;
L_000001748e5c3510 .functor AND 1, L_000001748e5c2360, L_000001748e5c40e0, C4<1>, C4<1>;
L_000001748e5c3660 .functor OR 1, L_000001748e5c4380, L_000001748e5c3510, C4<0>, C4<0>;
v000001748e5bb2e0_0 .net *"_ivl_0", 0 0, L_000001748e5c41c0;  1 drivers
v000001748e5bb420_0 .net *"_ivl_10", 0 0, L_000001748e5c3510;  1 drivers
v000001748e5bb7e0_0 .net *"_ivl_4", 0 0, L_000001748e5c42a0;  1 drivers
v000001748e5bc8c0_0 .net *"_ivl_6", 0 0, L_000001748e5c4310;  1 drivers
v000001748e5bb6a0_0 .net *"_ivl_8", 0 0, L_000001748e5c4380;  1 drivers
v000001748e5bc640_0 .net "a", 0 0, L_000001748e5c3120;  1 drivers
v000001748e5bbc40_0 .net "b", 0 0, L_000001748e5c2360;  1 drivers
v000001748e5bb560_0 .net "cin", 0 0, L_000001748e5c40e0;  alias, 1 drivers
v000001748e5bba60_0 .net "cout", 0 0, L_000001748e5c3660;  alias, 1 drivers
v000001748e5bbb00_0 .net "sum", 0 0, L_000001748e5c4230;  1 drivers
S_000001748e4f2980 .scope module, "fa5" "full_adder" 3 61, 3 13 0, S_000001748e529310;
 .timescale -9 -12;
    .port_info 0 /INPUT 1 "a";
    .port_info 1 /INPUT 1 "b";
    .port_info 2 /INPUT 1 "cin";
    .port_info 3 /OUTPUT 1 "sum";
    .port_info 4 /OUTPUT 1 "cout";
L_000001748e5c36d0 .functor XOR 1, L_000001748e5c2d60, L_000001748e5c1be0, C4<0>, C4<0>;
L_000001748e5c3740 .functor XOR 1, L_000001748e5c36d0, L_000001748e5c3660, C4<0>, C4<0>;
L_000001748e5c7e00 .functor AND 1, L_000001748e5c2d60, L_000001748e5c1be0, C4<1>, C4<1>;
L_000001748e5c7850 .functor AND 1, L_000001748e5c2d60, L_000001748e5c3660, C4<1>, C4<1>;
L_000001748e5c7e70 .functor OR 1, L_000001748e5c7e00, L_000001748e5c7850, C4<0>, C4<0>;
L_000001748e5c8110 .functor AND 1, L_000001748e5c1be0, L_000001748e5c3660, C4<1>, C4<1>;
L_000001748e5c83b0 .functor OR 1, L_000001748e5c7e70, L_000001748e5c8110, C4<0>, C4<0>;
v000001748e5bc140_0 .net *"_ivl_0", 0 0, L_000001748e5c36d0;  1 drivers
v000001748e5bcd20_0 .net *"_ivl_10", 0 0, L_000001748e5c8110;  1 drivers
v000001748e5bc960_0 .net *"_ivl_4", 0 0, L_000001748e5c7e00;  1 drivers
v000001748e5bbce0_0 .net *"_ivl_6", 0 0, L_000001748e5c7850;  1 drivers
v000001748e5bb1a0_0 .net *"_ivl_8", 0 0, L_000001748e5c7e70;  1 drivers
v000001748e5bb4c0_0 .net "a", 0 0, L_000001748e5c2d60;  1 drivers
v000001748e5bbf60_0 .net "b", 0 0, L_000001748e5c1be0;  1 drivers
v000001748e5bca00_0 .net "cin", 0 0, L_000001748e5c3660;  alias, 1 drivers
v000001748e5bcaa0_0 .net "cout", 0 0, L_000001748e5c83b0;  alias, 1 drivers
v000001748e5bbe20_0 .net "sum", 0 0, L_000001748e5c3740;  1 drivers
S_000001748e4f2b10 .scope module, "fa6" "full_adder" 3 62, 3 13 0, S_000001748e529310;
 .timescale -9 -12;
    .port_info 0 /INPUT 1 "a";
    .port_info 1 /INPUT 1 "b";
    .port_info 2 /INPUT 1 "cin";
    .port_info 3 /OUTPUT 1 "sum";
    .port_info 4 /OUTPUT 1 "cout";
L_000001748e5c8340 .functor XOR 1, L_000001748e5c20e0, L_000001748e5c31c0, C4<0>, C4<0>;
L_000001748e5c7d90 .functor XOR 1, L_000001748e5c8340, L_000001748e5c83b0, C4<0>, C4<0>;
L_000001748e5c8180 .functor AND 1, L_000001748e5c20e0, L_000001748e5c31c0, C4<1>, C4<1>;
L_000001748e5c8260 .functor AND 1, L_000001748e5c20e0, L_000001748e5c83b0, C4<1>, C4<1>;
L_000001748e5c77e0 .functor OR 1, L_000001748e5c8180, L_000001748e5c8260, C4<0>, C4<0>;
L_000001748e5c7930 .functor AND 1, L_000001748e5c31c0, L_000001748e5c83b0, C4<1>, C4<1>;
L_000001748e5c79a0 .functor OR 1, L_000001748e5c77e0, L_000001748e5c7930, C4<0>, C4<0>;
v000001748e5bbba0_0 .net *"_ivl_0", 0 0, L_000001748e5c8340;  1 drivers
v000001748e5bc1e0_0 .net *"_ivl_10", 0 0, L_000001748e5c7930;  1 drivers
v000001748e5bae80_0 .net *"_ivl_4", 0 0, L_000001748e5c8180;  1 drivers
v000001748e5bb740_0 .net *"_ivl_6", 0 0, L_000001748e5c8260;  1 drivers
v000001748e5baf20_0 .net *"_ivl_8", 0 0, L_000001748e5c77e0;  1 drivers
v000001748e5bbd80_0 .net "a", 0 0, L_000001748e5c20e0;  1 drivers
v000001748e5bc780_0 .net "b", 0 0, L_000001748e5c31c0;  1 drivers
v000001748e5bc820_0 .net "cin", 0 0, L_000001748e5c83b0;  alias, 1 drivers
v000001748e5bafc0_0 .net "cout", 0 0, L_000001748e5c79a0;  alias, 1 drivers
v000001748e5bcb40_0 .net "sum", 0 0, L_000001748e5c7d90;  1 drivers
S_000001748e5bcfd0 .scope module, "fa7" "full_adder" 3 63, 3 13 0, S_000001748e529310;
 .timescale -9 -12;
    .port_info 0 /INPUT 1 "a";
    .port_info 1 /INPUT 1 "b";
    .port_info 2 /INPUT 1 "cin";
    .port_info 3 /OUTPUT 1 "sum";
    .port_info 4 /OUTPUT 1 "cout";
L_000001748e5c8420 .functor XOR 1, L_000001748e5c3080, L_000001748e5c2e00, C4<0>, C4<0>;
L_000001748e5c7620 .functor XOR 1, L_000001748e5c8420, L_000001748e5c79a0, C4<0>, C4<0>;
L_000001748e5c80a0 .functor AND 1, L_000001748e5c3080, L_000001748e5c2e00, C4<1>, C4<1>;
L_000001748e5c8030 .functor AND 1, L_000001748e5c3080, L_000001748e5c79a0, C4<1>, C4<1>;
L_000001748e5c7700 .functor OR 1, L_000001748e5c80a0, L_000001748e5c8030, C4<0>, C4<0>;
L_000001748e5c81f0 .functor AND 1, L_000001748e5c2e00, L_000001748e5c79a0, C4<1>, C4<1>;
L_000001748e5c7ee0 .functor OR 1, L_000001748e5c7700, L_000001748e5c81f0, C4<0>, C4<0>;
v000001748e5bc500_0 .net *"_ivl_0", 0 0, L_000001748e5c8420;  1 drivers
v000001748e5bc000_0 .net *"_ivl_10", 0 0, L_000001748e5c81f0;  1 drivers
v000001748e5bb060_0 .net *"_ivl_4", 0 0, L_000001748e5c80a0;  1 drivers
v000001748e5bc280_0 .net *"_ivl_6", 0 0, L_000001748e5c8030;  1 drivers
v000001748e5bc320_0 .net *"_ivl_8", 0 0, L_000001748e5c7700;  1 drivers
v000001748e5bb100_0 .net "a", 0 0, L_000001748e5c3080;  1 drivers
v000001748e5bc5a0_0 .net "b", 0 0, L_000001748e5c2e00;  1 drivers
v000001748e5be8d0_0 .net "cin", 0 0, L_000001748e5c79a0;  alias, 1 drivers
v000001748e5bf050_0 .net "cout", 0 0, L_000001748e5c7ee0;  alias, 1 drivers
v000001748e5bd9d0_0 .net "sum", 0 0, L_000001748e5c7620;  1 drivers
S_000001748e5bf170 .scope module, "fa" "full_adder" 2 27, 3 13 0, S_000001748e55dd10;
 .timescale -9 -12;
    .port_info 0 /INPUT 1 "a";
    .port_info 1 /INPUT 1 "b";
    .port_info 2 /INPUT 1 "cin";
    .port_info 3 /OUTPUT 1 "sum";
    .port_info 4 /OUTPUT 1 "cout";
L_000001748e555960 .functor XOR 1, v000001748e5bea10_0, v000001748e5bedd0_0, C4<0>, C4<0>;
L_000001748e555a40 .functor XOR 1, L_000001748e555960, v000001748e5bed30_0, C4<0>, C4<0>;
L_000001748e5c05d0 .functor AND 1, v000001748e5bea10_0, v000001748e5bedd0_0, C4<1>, C4<1>;
L_000001748e5c1130 .functor AND 1, v000001748e5bea10_0, v000001748e5bed30_0, C4<1>, C4<1>;
L_000001748e5c0800 .functor OR 1, L_000001748e5c05d0, L_000001748e5c1130, C4<0>, C4<0>;
L_000001748e5c0790 .functor AND 1, v000001748e5bedd0_0, v000001748e5bed30_0, C4<1>, C4<1>;
L_000001748e5c0f00 .functor OR 1, L_000001748e5c0800, L_000001748e5c0790, C4<0>, C4<0>;
v000001748e5be790_0 .net *"_ivl_0", 0 0, L_000001748e555960;  1 drivers
v000001748e5bd930_0 .net *"_ivl_10", 0 0, L_000001748e5c0790;  1 drivers
v000001748e5bd390_0 .net *"_ivl_4", 0 0, L_000001748e5c05d0;  1 drivers
v000001748e5bde30_0 .net *"_ivl_6", 0 0, L_000001748e5c1130;  1 drivers
v000001748e5bd7f0_0 .net *"_ivl_8", 0 0, L_000001748e5c0800;  1 drivers
v000001748e5bded0_0 .net "a", 0 0, v000001748e5bea10_0;  1 drivers
v000001748e5be970_0 .net "b", 0 0, v000001748e5bedd0_0;  1 drivers
v000001748e5bdf70_0 .net "cin", 0 0, v000001748e5bed30_0;  1 drivers
v000001748e5bd890_0 .net "cout", 0 0, L_000001748e5c0f00;  alias, 1 drivers
v000001748e5beab0_0 .net "sum", 0 0, L_000001748e555a40;  alias, 1 drivers
S_000001748e5bf300 .scope module, "ha" "half_adder" 2 26, 3 3 0, S_000001748e55dd10;
 .timescale -9 -12;
    .port_info 0 /INPUT 1 "a";
    .port_info 1 /INPUT 1 "b";
    .port_info 2 /OUTPUT 1 "sum";
    .port_info 3 /OUTPUT 1 "carry";
L_000001748e555810 .functor XOR 1, v000001748e5bea10_0, v000001748e5bedd0_0, C4<0>, C4<0>;
L_000001748e555880 .functor AND 1, v000001748e5bea10_0, v000001748e5bedd0_0, C4<1>, C4<1>;
v000001748e5be0b0_0 .net "a", 0 0, v000001748e5bea10_0;  alias, 1 drivers
v000001748e5be330_0 .net "b", 0 0, v000001748e5bedd0_0;  alias, 1 drivers
v000001748e5befb0_0 .net "carry", 0 0, L_000001748e555880;  alias, 1 drivers
v000001748e5be1f0_0 .net "sum", 0 0, L_000001748e555810;  alias, 1 drivers
    .scope S_000001748e55dd10;
T_0 ;
    %vpi_call 2 32 "$dumpfile", "lab03_adders.vcd" {0 0 0};
    %vpi_call 2 33 "$dumpvars", 32'sb00000000000000000000000000000000, S_000001748e55dd10 {0 0 0};
    %vpi_call 2 35 "$display", "Full adder truth table" {0 0 0};
    %vpi_call 2 36 "$display", "a b cin | sum cout" {0 0 0};
    %pushi/vec4 0, 0, 32;
    %store/vec4 v000001748e5bebf0_0, 0, 32;
T_0.0 ;
    %load/vec4 v000001748e5bebf0_0;
    %cmpi/s 8, 0, 32;
    %jmp/0xz T_0.1, 5;
    %load/vec4 v000001748e5bebf0_0;
    %parti/s 3, 0, 2;
    %split/vec4 1;
    %store/vec4 v000001748e5bed30_0, 0, 1;
    %split/vec4 1;
    %store/vec4 v000001748e5bedd0_0, 0, 1;
    %store/vec4 v000001748e5bea10_0, 0, 1;
    %delay 10000, 0;
    %vpi_call 2 41 "$display", "%b %b  %b  |  %b    %b", v000001748e5bea10_0, v000001748e5bedd0_0, v000001748e5bed30_0, v000001748e5bec90_0, v000001748e5bd1b0_0 {0 0 0};
    %load/vec4 v000001748e5bebf0_0;
    %addi 1, 0, 32;
    %store/vec4 v000001748e5bebf0_0, 0, 32;
    %jmp T_0.0;
T_0.1 ;
    %vpi_call 2 44 "$display", "4-bit adder checks" {0 0 0};
    %pushi/vec4 3, 0, 4;
    %store/vec4 v000001748e5be010_0, 0, 4;
    %pushi/vec4 5, 0, 4;
    %store/vec4 v000001748e5bee70_0, 0, 4;
    %pushi/vec4 0, 0, 1;
    %store/vec4 v000001748e5be5b0_0, 0, 1;
    %delay 10000, 0;
    %vpi_call 2 46 "$display", "%d + %d + %d = %d carry=%b", v000001748e5be010_0, v000001748e5bee70_0, v000001748e5be5b0_0, v000001748e5bd250_0, v000001748e5be650_0 {0 0 0};
    %pushi/vec4 9, 0, 4;
    %store/vec4 v000001748e5be010_0, 0, 4;
    %pushi/vec4 7, 0, 4;
    %store/vec4 v000001748e5bee70_0, 0, 4;
    %pushi/vec4 0, 0, 1;
    %store/vec4 v000001748e5be5b0_0, 0, 1;
    %delay 10000, 0;
    %vpi_call 2 49 "$display", "%d + %d + %d = %d carry=%b", v000001748e5be010_0, v000001748e5bee70_0, v000001748e5be5b0_0, v000001748e5bd250_0, v000001748e5be650_0 {0 0 0};
    %pushi/vec4 15, 0, 4;
    %store/vec4 v000001748e5be010_0, 0, 4;
    %pushi/vec4 15, 0, 4;
    %store/vec4 v000001748e5bee70_0, 0, 4;
    %pushi/vec4 1, 0, 1;
    %store/vec4 v000001748e5be5b0_0, 0, 1;
    %delay 10000, 0;
    %vpi_call 2 52 "$display", "%d + %d + %d = %d carry=%b", v000001748e5be010_0, v000001748e5bee70_0, v000001748e5be5b0_0, v000001748e5bd250_0, v000001748e5be650_0 {0 0 0};
    %vpi_call 2 54 "$display", "8-bit adder checks" {0 0 0};
    %pushi/vec4 25, 0, 8;
    %store/vec4 v000001748e5be470_0, 0, 8;
    %pushi/vec4 17, 0, 8;
    %store/vec4 v000001748e5be150_0, 0, 8;
    %pushi/vec4 0, 0, 1;
    %store/vec4 v000001748e5bd6b0_0, 0, 1;
    %delay 10000, 0;
    %vpi_call 2 56 "$display", "%d + %d + %d = %d carry=%b", v000001748e5be470_0, v000001748e5be150_0, v000001748e5bd6b0_0, v000001748e5bd2f0_0, v000001748e5be830_0 {0 0 0};
    %pushi/vec4 128, 0, 8;
    %store/vec4 v000001748e5be470_0, 0, 8;
    %pushi/vec4 127, 0, 8;
    %store/vec4 v000001748e5be150_0, 0, 8;
    %pushi/vec4 0, 0, 1;
    %store/vec4 v000001748e5bd6b0_0, 0, 1;
    %delay 10000, 0;
    %vpi_call 2 59 "$display", "%d + %d + %d = %d carry=%b", v000001748e5be470_0, v000001748e5be150_0, v000001748e5bd6b0_0, v000001748e5bd2f0_0, v000001748e5be830_0 {0 0 0};
    %pushi/vec4 255, 0, 8;
    %store/vec4 v000001748e5be470_0, 0, 8;
    %pushi/vec4 255, 0, 8;
    %store/vec4 v000001748e5be150_0, 0, 8;
    %pushi/vec4 1, 0, 1;
    %store/vec4 v000001748e5bd6b0_0, 0, 1;
    %delay 10000, 0;
    %vpi_call 2 62 "$display", "%d + %d + %d = %d carry=%b", v000001748e5be470_0, v000001748e5be150_0, v000001748e5bd6b0_0, v000001748e5bd2f0_0, v000001748e5be830_0 {0 0 0};
    %vpi_call 2 64 "$finish" {0 0 0};
    %end;
    .thread T_0;
# The file index is used to find the file name in the following table.
:file_names 4;
    "N/A";
    "<interactive>";
    "tb_adders.v";
    "adders.v";
