#! /c/Source/iverilog-install/bin/vvp
:ivl_version "12.0 (devel)" "(s20150603-1539-g2693dd32b)";
:ivl_delay_selection "TYPICAL";
:vpi_time_precision - 12;
:vpi_module "C:\iverilog\lib\ivl\system.vpi";
:vpi_module "C:\iverilog\lib\ivl\vhdl_sys.vpi";
:vpi_module "C:\iverilog\lib\ivl\vhdl_textio.vpi";
:vpi_module "C:\iverilog\lib\ivl\v2005_math.vpi";
:vpi_module "C:\iverilog\lib\ivl\va_math.vpi";
S_0000024540cdd060 .scope module, "tb_logic_gates" "tb_logic_gates" 2 3;
 .timescale -9 -12;
v0000024540bb2cd0_0 .var "a", 0 0;
v0000024540bb3770_0 .net "and_y", 0 0, L_0000024540ba6320;  1 drivers
v0000024540bb3950_0 .var "b", 0 0;
v0000024540bb3130_0 .var/i "i", 31 0;
v0000024540bb2eb0_0 .net "nand_y", 0 0, L_0000024540ba6470;  1 drivers
v0000024540bb34f0_0 .net "nor_y", 0 0, L_0000024540ba64e0;  1 drivers
v0000024540bb3810_0 .net "not_a_y", 0 0, L_0000024540ba61d0;  1 drivers
v0000024540bb3590_0 .net "or_y", 0 0, L_0000024540ba60f0;  1 drivers
v0000024540bb2ff0_0 .net "xnor_y", 0 0, L_0000024540ba6780;  1 drivers
v0000024540bb3270_0 .net "xor_y", 0 0, L_0000024540ba6390;  1 drivers
S_0000024540cdd1f0 .scope module, "uut" "logic_gates" 2 16, 3 3 0, S_0000024540cdd060;
 .timescale -9 -12;
    .port_info 0 /INPUT 1 "a";
    .port_info 1 /INPUT 1 "b";
    .port_info 2 /OUTPUT 1 "and_y";
    .port_info 3 /OUTPUT 1 "or_y";
    .port_info 4 /OUTPUT 1 "not_a_y";
    .port_info 5 /OUTPUT 1 "xor_y";
    .port_info 6 /OUTPUT 1 "xnor_y";
    .port_info 7 /OUTPUT 1 "nand_y";
    .port_info 8 /OUTPUT 1 "nor_y";
L_0000024540ba6320 .functor AND 1, v0000024540bb2cd0_0, v0000024540bb3950_0, C4<1>, C4<1>;
L_0000024540ba60f0 .functor OR 1, v0000024540bb2cd0_0, v0000024540bb3950_0, C4<0>, C4<0>;
L_0000024540ba61d0 .functor NOT 1, v0000024540bb2cd0_0, C4<0>, C4<0>, C4<0>;
L_0000024540ba6390 .functor XOR 1, v0000024540bb2cd0_0, v0000024540bb3950_0, C4<0>, C4<0>;
L_0000024540ba6710 .functor XOR 1, v0000024540bb2cd0_0, v0000024540bb3950_0, C4<0>, C4<0>;
L_0000024540ba6780 .functor NOT 1, L_0000024540ba6710, C4<0>, C4<0>, C4<0>;
L_0000024540ba6400 .functor AND 1, v0000024540bb2cd0_0, v0000024540bb3950_0, C4<1>, C4<1>;
L_0000024540ba6470 .functor NOT 1, L_0000024540ba6400, C4<0>, C4<0>, C4<0>;
L_0000024540ba6080 .functor OR 1, v0000024540bb2cd0_0, v0000024540bb3950_0, C4<0>, C4<0>;
L_0000024540ba64e0 .functor NOT 1, L_0000024540ba6080, C4<0>, C4<0>, C4<0>;
v0000024540cdbe40_0 .net *"_ivl_12", 0 0, L_0000024540ba6400;  1 drivers
v0000024540ba76c0_0 .net *"_ivl_16", 0 0, L_0000024540ba6080;  1 drivers
v0000024540ba7760_0 .net *"_ivl_8", 0 0, L_0000024540ba6710;  1 drivers
v0000024540ba7800_0 .net "a", 0 0, v0000024540bb2cd0_0;  1 drivers
v0000024540bb33b0_0 .net "and_y", 0 0, L_0000024540ba6320;  alias, 1 drivers
v0000024540bb3310_0 .net "b", 0 0, v0000024540bb3950_0;  1 drivers
v0000024540bb2d70_0 .net "nand_y", 0 0, L_0000024540ba6470;  alias, 1 drivers
v0000024540bb38b0_0 .net "nor_y", 0 0, L_0000024540ba64e0;  alias, 1 drivers
v0000024540bb3090_0 .net "not_a_y", 0 0, L_0000024540ba61d0;  alias, 1 drivers
v0000024540bb3450_0 .net "or_y", 0 0, L_0000024540ba60f0;  alias, 1 drivers
v0000024540bb3a90_0 .net "xnor_y", 0 0, L_0000024540ba6780;  alias, 1 drivers
v0000024540bb31d0_0 .net "xor_y", 0 0, L_0000024540ba6390;  alias, 1 drivers
    .scope S_0000024540cdd060;
T_0 ;
    %vpi_call 2 29 "$dumpfile", "lab02_logic_gates.vcd" {0 0 0};
    %vpi_call 2 30 "$dumpvars", 32'sb00000000000000000000000000000000, S_0000024540cdd060 {0 0 0};
    %vpi_call 2 32 "$display", "a b | and or not_a xor xnor nand nor" {0 0 0};
    %vpi_call 2 33 "$display", "-------------------------------------" {0 0 0};
    %pushi/vec4 0, 0, 32;
    %store/vec4 v0000024540bb3130_0, 0, 32;
T_0.0 ;
    %load/vec4 v0000024540bb3130_0;
    %cmpi/s 4, 0, 32;
    %jmp/0xz T_0.1, 5;
    %load/vec4 v0000024540bb3130_0;
    %parti/s 2, 0, 2;
    %split/vec4 1;
    %store/vec4 v0000024540bb3950_0, 0, 1;
    %store/vec4 v0000024540bb2cd0_0, 0, 1;
    %delay 10000, 0;
    %vpi_call 2 38 "$display", "%b %b |  %b   %b    %b    %b    %b    %b    %b", v0000024540bb2cd0_0, v0000024540bb3950_0, v0000024540bb3770_0, v0000024540bb3590_0, v0000024540bb3810_0, v0000024540bb3270_0, v0000024540bb2ff0_0, v0000024540bb2eb0_0, v0000024540bb34f0_0 {0 0 0};
    %load/vec4 v0000024540bb3130_0;
    %addi 1, 0, 32;
    %store/vec4 v0000024540bb3130_0, 0, 32;
    %jmp T_0.0;
T_0.1 ;
    %vpi_call 2 42 "$finish" {0 0 0};
    %end;
    .thread T_0;
# The file index is used to find the file name in the following table.
:file_names 4;
    "N/A";
    "<interactive>";
    "tb_logic_gates.v";
    "logic_gates.v";
