#! /c/Source/iverilog-install/bin/vvp
:ivl_version "12.0 (devel)" "(s20150603-1539-g2693dd32b)";
:ivl_delay_selection "TYPICAL";
:vpi_time_precision - 12;
:vpi_module "C:\iverilog\lib\ivl\system.vpi";
:vpi_module "C:\iverilog\lib\ivl\vhdl_sys.vpi";
:vpi_module "C:\iverilog\lib\ivl\vhdl_textio.vpi";
:vpi_module "C:\iverilog\lib\ivl\v2005_math.vpi";
:vpi_module "C:\iverilog\lib\ivl\va_math.vpi";
S_0000020212f2b000 .scope module, "tb_latch_flipflop" "tb_latch_flipflop" 2 3;
 .timescale -9 -12;
v0000020212f2cb00_0 .var "clk", 0 0;
v0000020212f75810_0 .var "d", 0 0;
v0000020212f758b0_0 .var "enable", 0 0;
v0000020212f75950_0 .net "q_ff", 0 0, v0000020212f43320_0;  1 drivers
v0000020212f759f0_0 .net "q_latch", 0 0, v0000020212f2ca60_0;  1 drivers
v0000020212f75a90_0 .var "reset_n", 0 0;
S_0000020212f2c790 .scope module, "ff0" "d_flip_flop" 2 12, 3 15 0, S_0000020212f2b000;
 .timescale -9 -12;
    .port_info 0 /INPUT 1 "d";
    .port_info 1 /INPUT 1 "clk";
    .port_info 2 /INPUT 1 "reset_n";
    .port_info 3 /OUTPUT 1 "q";
v0000020212f42e70_0 .net "clk", 0 0, v0000020212f2cb00_0;  1 drivers
v0000020212f43090_0 .net "d", 0 0, v0000020212f75810_0;  1 drivers
v0000020212f43320_0 .var "q", 0 0;
v0000020212f2bd20_0 .net "reset_n", 0 0, v0000020212f75a90_0;  1 drivers
E_0000020212f7abb0/0 .event negedge, v0000020212f2bd20_0;
E_0000020212f7abb0/1 .event posedge, v0000020212f42e70_0;
E_0000020212f7abb0 .event/or E_0000020212f7abb0/0, E_0000020212f7abb0/1;
S_0000020212f2bdc0 .scope module, "latch0" "d_latch" 2 11, 3 3 0, S_0000020212f2b000;
 .timescale -9 -12;
    .port_info 0 /INPUT 1 "d";
    .port_info 1 /INPUT 1 "enable";
    .port_info 2 /OUTPUT 1 "q";
v0000020212f2c920_0 .net "d", 0 0, v0000020212f75810_0;  alias, 1 drivers
v0000020212f2c9c0_0 .net "enable", 0 0, v0000020212f758b0_0;  1 drivers
v0000020212f2ca60_0 .var "q", 0 0;
E_0000020212f7b230 .event anyedge, v0000020212f2c9c0_0, v0000020212f43090_0;
    .scope S_0000020212f2bdc0;
T_0 ;
    %wait E_0000020212f7b230;
    %load/vec4 v0000020212f2c9c0_0;
    %flag_set/vec4 8;
    %jmp/0xz  T_0.0, 8;
    %load/vec4 v0000020212f2c920_0;
    %store/vec4 v0000020212f2ca60_0, 0, 1;
T_0.0 ;
    %jmp T_0;
    .thread T_0, $push;
    .scope S_0000020212f2c790;
T_1 ;
    %wait E_0000020212f7abb0;
    %load/vec4 v0000020212f2bd20_0;
    %nor/r;
    %flag_set/vec4 8;
    %jmp/0xz  T_1.0, 8;
    %pushi/vec4 0, 0, 1;
    %assign/vec4 v0000020212f43320_0, 0;
    %jmp T_1.1;
T_1.0 ;
    %load/vec4 v0000020212f43090_0;
    %assign/vec4 v0000020212f43320_0, 0;
T_1.1 ;
    %jmp T_1;
    .thread T_1;
    .scope S_0000020212f2b000;
T_2 ;
    %pushi/vec4 0, 0, 1;
    %store/vec4 v0000020212f2cb00_0, 0, 1;
T_2.0 ;
    %delay 5000, 0;
    %load/vec4 v0000020212f2cb00_0;
    %inv;
    %store/vec4 v0000020212f2cb00_0, 0, 1;
    %jmp T_2.0;
    %end;
    .thread T_2;
    .scope S_0000020212f2b000;
T_3 ;
    %vpi_call 2 20 "$dumpfile", "lab06_latch_flipflop.vcd" {0 0 0};
    %vpi_call 2 21 "$dumpvars", 32'sb00000000000000000000000000000000, S_0000020212f2b000 {0 0 0};
    %pushi/vec4 0, 0, 1;
    %store/vec4 v0000020212f75810_0, 0, 1;
    %pushi/vec4 0, 0, 1;
    %store/vec4 v0000020212f758b0_0, 0, 1;
    %pushi/vec4 0, 0, 1;
    %store/vec4 v0000020212f75a90_0, 0, 1;
    %delay 12000, 0;
    %pushi/vec4 1, 0, 1;
    %store/vec4 v0000020212f75a90_0, 0, 1;
    %pushi/vec4 1, 0, 1;
    %store/vec4 v0000020212f758b0_0, 0, 1;
    %pushi/vec4 1, 0, 1;
    %store/vec4 v0000020212f75810_0, 0, 1;
    %delay 12000, 0;
    %pushi/vec4 0, 0, 1;
    %store/vec4 v0000020212f75810_0, 0, 1;
    %delay 8000, 0;
    %pushi/vec4 0, 0, 1;
    %store/vec4 v0000020212f758b0_0, 0, 1;
    %pushi/vec4 1, 0, 1;
    %store/vec4 v0000020212f75810_0, 0, 1;
    %delay 20000, 0;
    %pushi/vec4 1, 0, 1;
    %store/vec4 v0000020212f758b0_0, 0, 1;
    %pushi/vec4 0, 0, 1;
    %store/vec4 v0000020212f75810_0, 0, 1;
    %delay 20000, 0;
    %vpi_call 2 44 "$finish" {0 0 0};
    %end;
    .thread T_3;
# The file index is used to find the file name in the following table.
:file_names 4;
    "N/A";
    "<interactive>";
    ".\lab06\tb_latch_flipflop.v";
    ".\lab06\latch_flipflop.v";
