#! /c/Source/iverilog-install/bin/vvp
:ivl_version "12.0 (devel)" "(s20150603-1539-g2693dd32b)";
:ivl_delay_selection "TYPICAL";
:vpi_time_precision - 12;
:vpi_module "C:\iverilog\lib\ivl\system.vpi";
:vpi_module "C:\iverilog\lib\ivl\vhdl_sys.vpi";
:vpi_module "C:\iverilog\lib\ivl\vhdl_textio.vpi";
:vpi_module "C:\iverilog\lib\ivl\v2005_math.vpi";
:vpi_module "C:\iverilog\lib\ivl\va_math.vpi";
S_000001fd38dd51d0 .scope module, "tb_shift_register" "tb_shift_register" 2 3;
 .timescale -9 -12;
v000001fd38de4650_0 .var "clk", 0 0;
v000001fd38de46f0_0 .var "direction", 0 0;
v000001fd38e34ee0_0 .var "load", 0 0;
v000001fd38e349e0_0 .var "parallel_in", 3 0;
v000001fd38e34e40_0 .net "q", 3 0, v000001fd38de43d0_0;  1 drivers
v000001fd38e34b20_0 .var "reset", 0 0;
v000001fd38e343a0_0 .var "serial_in", 0 0;
v000001fd38e34c60_0 .net "serial_out", 0 0, L_000001fd38e34f80;  1 drivers
S_000001fd38d9daf0 .scope module, "uut" "shift_register4" 2 13, 3 3 0, S_000001fd38dd51d0;
 .timescale -9 -12;
    .port_info 0 /INPUT 1 "clk";
    .port_info 1 /INPUT 1 "reset";
    .port_info 2 /INPUT 1 "load";
    .port_info 3 /INPUT 1 "direction";
    .port_info 4 /INPUT 1 "serial_in";
    .port_info 5 /INPUT 4 "parallel_in";
    .port_info 6 /OUTPUT 4 "q";
    .port_info 7 /OUTPUT 1 "serial_out";
v000001fd38db2e90_0 .net *"_ivl_1", 0 0, L_000001fd38e34d00;  1 drivers
v000001fd38db2bf0_0 .net *"_ivl_3", 0 0, L_000001fd38e34120;  1 drivers
v000001fd38d9dc80_0 .net "clk", 0 0, v000001fd38de4650_0;  1 drivers
v000001fd38d9dd20_0 .net "direction", 0 0, v000001fd38de46f0_0;  1 drivers
v000001fd38d9ddc0_0 .net "load", 0 0, v000001fd38e34ee0_0;  1 drivers
v000001fd38d9de60_0 .net "parallel_in", 3 0, v000001fd38e349e0_0;  1 drivers
v000001fd38de43d0_0 .var "q", 3 0;
v000001fd38de4470_0 .net "reset", 0 0, v000001fd38e34b20_0;  1 drivers
v000001fd38de4510_0 .net "serial_in", 0 0, v000001fd38e343a0_0;  1 drivers
v000001fd38de45b0_0 .net "serial_out", 0 0, L_000001fd38e34f80;  alias, 1 drivers
E_000001fd38dd5cf0 .event posedge, v000001fd38de4470_0, v000001fd38d9dc80_0;
L_000001fd38e34d00 .part v000001fd38de43d0_0, 3, 1;
L_000001fd38e34120 .part v000001fd38de43d0_0, 0, 1;
L_000001fd38e34f80 .functor MUXZ 1, L_000001fd38e34120, L_000001fd38e34d00, v000001fd38de46f0_0, C4<>;
    .scope S_000001fd38d9daf0;
T_0 ;
    %wait E_000001fd38dd5cf0;
    %load/vec4 v000001fd38de4470_0;
    %flag_set/vec4 8;
    %jmp/0xz  T_0.0, 8;
    %pushi/vec4 0, 0, 4;
    %assign/vec4 v000001fd38de43d0_0, 0;
    %jmp T_0.1;
T_0.0 ;
    %load/vec4 v000001fd38d9ddc0_0;
    %flag_set/vec4 8;
    %jmp/0xz  T_0.2, 8;
    %load/vec4 v000001fd38d9de60_0;
    %assign/vec4 v000001fd38de43d0_0, 0;
    %jmp T_0.3;
T_0.2 ;
    %load/vec4 v000001fd38d9dd20_0;
    %flag_set/vec4 8;
    %jmp/0xz  T_0.4, 8;
    %load/vec4 v000001fd38de43d0_0;
    %parti/s 3, 0, 2;
    %load/vec4 v000001fd38de4510_0;
    %concat/vec4; draw_concat_vec4
    %assign/vec4 v000001fd38de43d0_0, 0;
    %jmp T_0.5;
T_0.4 ;
    %load/vec4 v000001fd38de4510_0;
    %load/vec4 v000001fd38de43d0_0;
    %parti/s 3, 1, 2;
    %concat/vec4; draw_concat_vec4
    %assign/vec4 v000001fd38de43d0_0, 0;
T_0.5 ;
T_0.3 ;
T_0.1 ;
    %jmp T_0;
    .thread T_0;
    .scope S_000001fd38dd51d0;
T_1 ;
    %pushi/vec4 0, 0, 1;
    %store/vec4 v000001fd38de4650_0, 0, 1;
T_1.0 ;
    %delay 5000, 0;
    %load/vec4 v000001fd38de4650_0;
    %inv;
    %store/vec4 v000001fd38de4650_0, 0, 1;
    %jmp T_1.0;
    %end;
    .thread T_1;
    .scope S_000001fd38dd51d0;
T_2 ;
    %vpi_call 2 30 "$dumpfile", "lab08_shift_register.vcd" {0 0 0};
    %vpi_call 2 31 "$dumpvars", 32'sb00000000000000000000000000000000, S_000001fd38dd51d0 {0 0 0};
    %pushi/vec4 1, 0, 1;
    %store/vec4 v000001fd38e34b20_0, 0, 1;
    %pushi/vec4 0, 0, 1;
    %store/vec4 v000001fd38e34ee0_0, 0, 1;
    %pushi/vec4 0, 0, 1;
    %store/vec4 v000001fd38de46f0_0, 0, 1;
    %pushi/vec4 0, 0, 1;
    %store/vec4 v000001fd38e343a0_0, 0, 1;
    %pushi/vec4 11, 0, 4;
    %store/vec4 v000001fd38e349e0_0, 0, 4;
    %delay 12000, 0;
    %pushi/vec4 0, 0, 1;
    %store/vec4 v000001fd38e34b20_0, 0, 1;
    %pushi/vec4 1, 0, 1;
    %store/vec4 v000001fd38e34ee0_0, 0, 1;
    %delay 10000, 0;
    %pushi/vec4 0, 0, 1;
    %store/vec4 v000001fd38e34ee0_0, 0, 1;
    %pushi/vec4 1, 0, 1;
    %store/vec4 v000001fd38e343a0_0, 0, 1;
    %delay 20000, 0;
    %pushi/vec4 1, 0, 1;
    %store/vec4 v000001fd38de46f0_0, 0, 1;
    %pushi/vec4 0, 0, 1;
    %store/vec4 v000001fd38e343a0_0, 0, 1;
    %delay 20000, 0;
    %pushi/vec4 0, 0, 1;
    %store/vec4 v000001fd38e343a0_0, 0, 1;
    %delay 20000, 0;
    %pushi/vec4 1, 0, 1;
    %store/vec4 v000001fd38e343a0_0, 0, 1;
    %delay 20000, 0;
    %vpi_call 2 58 "$finish" {0 0 0};
    %end;
    .thread T_2;
# The file index is used to find the file name in the following table.
:file_names 4;
    "N/A";
    "<interactive>";
    "tb_shift_register.v";
    "shift_register.v";
